// Jest Snapshot v1, https://goo.gl/fbAQLP

exports[`renders correctly 1`] = `
<View
  accessible={true}
  focusable={false}
  onClick={[Function]}
  onResponderGrant={[Function]}
  onResponderMove={[Function]}
  onResponderRelease={[Function]}
  onResponderTerminate={[Function]}
  onResponderTerminationRequest={[Function]}
  onStartShouldSetResponder={[Function]}
  style={
    Object {
      "alignItems": "center",
      "backgroundColor": "black",
      "borderRadius": 4,
      "elevation": 3,
      "justifyContent": "center",
      "opacity": 1,
      "paddingHorizontal": 32,
      "paddingVertical": 12,
    }
  }
>
  <Text>
    Save Calories
  </Text>
</View>
`;
